]0;isaacs/ansi-to-pre main - isaacs/ansi-to-pre\]8;;\[0mScript started on Fri Oct  6 16:46:10 2023
                                                                                                                                            
â”‚]8;;\[0;38;2;224;0;224;48;2;0;0;0misaacs/ansi-to-pre]8;;\[0;38;2;0;0;0;48;2;0;0;0m#]8;;\[0;38;2;224;0;224;48;2;0;0;0mmain]8;;\[0m ]8;;\[0;38;2;224;224;224;48;2;0;64;224mmoxy.lan]8;;\[0m:~/dev/isaacs/ansi-to-pre ]8;;\[0;38;2;0;160;0mnode@20.7.0]8;;\[0m ]8;;\[0;38;2;255;0;0;48;2;0;0;0m6d58116f
]8;;\[0;38;2;0;176;176;48;2;0;0;0mansi-to-pre@0.0.0-0]8;;\[0m undefined
$ node
Welcome to Node.js v20.7.0.
Type ".help" for more information.
> Terminal = require('./dist/commonjs/terminal.js').Terminal
]8;;\[0;38;2;0;176;176m[class Terminal]
]8;;\[0m> t = new Terminal().setStyle({ href: 'https://izs.me' }).setStyle({ color: 'blue', underline: true })
Terminal {
  cursor: [ ]8;;\[0;38;2;224;224;0m0]8;;\[0m, ]8;;\[0;38;2;224;224;0m0]8;;\[0m ],
  brush: Style { ]8;;https://izs.me/\[0;38;2;0;64;224;4m^[]8;;https://izs.me/^[\^[[0;38;2;0;64;224;4m]8;;\[0m },
  text: [],
  blocks: []
}
> t.write('my webpage').setStyle('\x1b[0m').setStyle({ href: '' })
Terminal {
  cursor: [ ]8;;\[0;38;2;224;224;0m0]8;;\[0m, ]8;;\[0;38;2;224;224;0m10]8;;\[0m ],
  brush: Style { ^[]8;;^[\^[[0m },
  text: [ ]8;;\[0;38;2;0;160;0m'my webpage']8;;\[0m ],
  blocks: [
    Block { Style { ]8;;https://izs.me/\[0;38;2;0;64;224;4m^[]8;;https://izs.me/^[\^[[0;38;2;0;64;224;4m]8;;\[0m } ]8;;\[0;38;2;0;160;0m'my webpage']8;;\[0m }
  ]
}
> t.write(' is a place where I write things of ')
Terminal {
  cursor: [ ]8;;\[0;38;2;224;224;0m0]8;;\[0m, ]8;;\[0;38;2;224;224;0m46]8;;\[0m ],
  brush: Style { ^[]8;;^[\^[[0m },
  text: [ ]8;;\[0;38;2;0;160;0m'my webpage is a place where I write things of ']8;;\[0m ],
  blocks: [
    Block { Style { ]8;;https://izs.me/\[0;38;2;0;64;224;4m^[]8;;https://izs.me/^[\^[[0;38;2;0;64;224;4m]8;;\[0m } ]8;;\[0;38;2;0;160;0m'my webpage']8;;\[0m },
    Block { ]8;;\[0;38;2;0;160;0m' is a place where I write things of ']8;;\[0m }
  ]
}
> t.setStyle({inverse: true}).write('multiple')
Terminal {
  cursor: [ ]8;;\[0;38;2;224;224;0m0]8;;\[0m, ]8;;\[0;38;2;224;224;0m54]8;;\[0m ],
  brush: Style { ]8;;\[0;7m^[]8;;^[\^[[0;7m]8;;\[0m },
  text: [ ]8;;\[0;38;2;0;160;0m'my webpage is a place where I write things of multiple']8;;\[0m ],
  blocks: [
    Block { Style { ]8;;https://izs.me/\[0;38;2;0;64;224;4m^[]8;;https://izs.me/^[\^[[0;38;2;0;64;224;4m]8;;\[0m } ]8;;\[0;38;2;0;160;0m'my webpage']8;;\[0m },
    Block { ]8;;\[0;38;2;0;160;0m' is a place where I write things of ']8;;\[0m },
    Block { Style { ]8;;\[0;7m^[]8;;^[\^[[0;7m]8;;\[0m } ]8;;\[0;38;2;0;160;0m'multiple']8;;\[0m }
  ]
}
> t.setStyle({inverse:false, color:'brightred'}).write(' styles')
Terminal {
  cursor: [ ]8;;\[0;38;2;224;224;0m0]8;;\[0m, ]8;;\[0;38;2;224;224;0m61]8;;\[0m ],
  brush: Style { ]8;;\[0;38;2;255;48;48m^[]8;;^[\^[[0;38;2;255;48;48m]8;;\[0m },
  text: [ ]8;;\[0;38;2;0;160;0m'my webpage is a place where I write things of multiple styles']8;;\[0m ],
  blocks: [
    Block { Style { ]8;;https://izs.me/\[0;38;2;0;64;224;4m^[]8;;https://izs.me/^[\^[[0;38;2;0;64;224;4m]8;;\[0m } ]8;;\[0;38;2;0;160;0m'my webpage']8;;\[0m },
    Block { ]8;;\[0;38;2;0;160;0m' is a place where I write things of ']8;;\[0m },
    Block { Style { ]8;;\[0;7m^[]8;;^[\^[[0;7m]8;;\[0m } ]8;;\[0;38;2;0;160;0m'multiple']8;;\[0m },
    Block { Style { ]8;;\[0;38;2;255;48;48m^[]8;;^[\^[[0;38;2;255;48;48m]8;;\[0m } ]8;;\[0;38;2;0;160;0m' styles']8;;\[0m }
  ]
}
> t.setStyle({color:''}).write('!')
Terminal {
  cursor: [ ]8;;\[0;38;2;224;224;0m0]8;;\[0m, ]8;;\[0;38;2;224;224;0m62]8;;\[0m ],
  brush: Style { ^[]8;;^[\^[[0m },
  text: [ ]8;;\[0;38;2;0;160;0m'my webpage is a place where I write things of multiple styles!']8;;\[0m ],
  blocks: [
    Block { Style { ]8;;https://izs.me/\[0;38;2;0;64;224;4m^[]8;;https://izs.me/^[\^[[0;38;2;0;64;224;4m]8;;\[0m } ]8;;\[0;38;2;0;160;0m'my webpage']8;;\[0m },
    Block { ]8;;\[0;38;2;0;160;0m' is a place where I write things of ']8;;\[0m },
    Block { Style { ]8;;\[0;7m^[]8;;^[\^[[0;7m]8;;\[0m } ]8;;\[0;38;2;0;160;0m'multiple']8;;\[0m },
    Block { Style { ]8;;\[0;38;2;255;48;48m^[]8;;^[\^[[0;38;2;255;48;48m]8;;\[0m } ]8;;\[0;38;2;0;160;0m' styles']8;;\[0m },
    Block { ]8;;\[0;38;2;0;160;0m'!']8;;\[0m }
  ]
}
> String(t)
]8;;\[0;38;2;0;160;0m'<pre style="color:#eeeeee;background:#222222;position:relative"><a href="https://izs.me/" style="text-decoration:underline;color:#0040e0">my webpage</a> is a place where I write things of <span style="color:#222222;background:#eeeeee">multiple</span><span style="color:#ff3030"> styles</span>!</pre>'
]8;;\[0m> console.log(t.ansi)
]8;;https://izs.me/\[0;38;2;0;64;224;4mmy webpage]8;;\[0m is a place where I write things of ]8;;\[0;7mmultiple]8;;\[0;38;2;255;48;48m styles]8;;\[0m!
]8;;\[0;38;2;64;64;64mundefined
]8;;\[0m> 

â”‚]8;;\[0;38;2;224;0;224;48;2;0;0;0misaacs/ansi-to-pre]8;;\[0;38;2;0;0;0;48;2;0;0;0m#]8;;\[0;38;2;224;0;224;48;2;0;0;0mmain]8;;\[0m ]8;;\[0;38;2;224;224;224;48;2;0;64;224mmoxy.lan]8;;\[0m:~/dev/isaacs/ansi-to-pre ]8;;\[0;38;2;0;160;0mnode@20.7.0]8;;\[0m ]8;;\[0;38;2;255;0;0;48;2;0;0;0m6d58116f
]8;;\[0;38;2;0;176;176;48;2;0;0;0mansi-to-pre@0.0.0-0]8;;\[0m undefined
$ 
exit

Script done on Fri Oct  6 16:47:27 2023[m